// Jest Snapshot v1, https://goo.gl/fbAQLP

exports[`BaseCard renders the component 1`] = `undefined`;
